******************************************************************************
             TMS320C2000 Linker PC v18.1.4                     
******************************************************************************
>> Linked Thu Jan 21 08:41:51 2021

OUTPUT FILE NAME:   <Env_Test.out>
ENTRY POINT SYMBOL: "_c_int00"  address: 0000aaee


MEMORY CONFIGURATION

         name            origin    length      used     unused   attr    fill
----------------------  --------  ---------  --------  --------  ----  --------
PAGE 0:
  BEGIN                 00000000   00000002  00000002  00000000  RWIX
  RAMM0                 00000050   000003b0  00000004  000003ac  RWIX
  RAML0                 00008000   00002000  00000349  00001cb7  RWIX
  RAML1                 0000a000   00002000  00000cfe  00001302  RWIX
  ZONE7A                00200000   0000fc00  00000000  0000fc00  RWIX
  CSM_RSVD              0033ff80   00000076  00000000  00000076  RWIX
  CSM_PWL               0033fff8   00000008  00000000  00000008  RWIX
  ADC_CAL               00380080   00000009  00000007  00000002  RWIX
  IQTABLES              003fe000   00000b50  00000000  00000b50  RWIX
  IQTABLES2             003feb50   0000008c  00000000  0000008c  RWIX
  FPUTABLES             003febdc   000006a0  00000000  000006a0  RWIX
  BOOTROM               003ff27c   00000d44  00000000  00000d44  RWIX
  RESET                 003fffc0   00000002  00000000  00000002  RWIX

PAGE 1:
  BOOT_RSVD             00000002   0000004e  00000000  0000004e  RWIX
  RAMM1                 00000400   00000400  00000300  00000100  RWIX
  DEV_EMU               00000880   00000180  000000d0  000000b0  RWIX
  FLASH_REGS            00000a80   00000060  00000008  00000058  RWIX
  CSM                   00000ae0   00000010  00000010  00000000  RWIX
  ADC_MIRROR            00000b00   00000010  00000010  00000000  RWIX
  XINTF                 00000b20   00000020  0000001e  00000002  RWIX
  CPU_TIMER0            00000c00   00000008  00000008  00000000  RWIX
  CPU_TIMER1            00000c08   00000008  00000008  00000000  RWIX
  CPU_TIMER2            00000c10   00000008  00000008  00000000  RWIX
  PIE_CTRL              00000ce0   00000020  0000001a  00000006  RWIX
  PIE_VECT              00000d00   00000100  00000100  00000000  RWIX
  DMA                   00001000   00000200  000000e0  00000120  RWIX
  MCBSPA                00005000   00000040  00000025  0000001b  RWIX
  MCBSPB                00005040   00000040  00000025  0000001b  RWIX
  ECANA                 00006000   00000040  00000034  0000000c  RWIX
  ECANA_LAM             00006040   00000040  00000040  00000000  RWIX
  ECANA_MOTS            00006080   00000040  00000040  00000000  RWIX
  ECANA_MOTO            000060c0   00000040  00000040  00000000  RWIX
  ECANA_MBOX            00006100   00000100  00000100  00000000  RWIX
  ECANB                 00006200   00000040  00000034  0000000c  RWIX
  ECANB_LAM             00006240   00000040  00000040  00000000  RWIX
  ECANB_MOTS            00006280   00000040  00000040  00000000  RWIX
  ECANB_MOTO            000062c0   00000040  00000040  00000000  RWIX
  ECANB_MBOX            00006300   00000100  00000100  00000000  RWIX
  EPWM1                 00006800   00000022  00000022  00000000  RWIX
  EPWM2                 00006840   00000022  00000022  00000000  RWIX
  EPWM3                 00006880   00000022  00000022  00000000  RWIX
  EPWM4                 000068c0   00000022  00000022  00000000  RWIX
  EPWM5                 00006900   00000022  00000022  00000000  RWIX
  EPWM6                 00006940   00000022  00000022  00000000  RWIX
  ECAP1                 00006a00   00000020  00000020  00000000  RWIX
  ECAP2                 00006a20   00000020  00000020  00000000  RWIX
  ECAP3                 00006a40   00000020  00000020  00000000  RWIX
  ECAP4                 00006a60   00000020  00000020  00000000  RWIX
  ECAP5                 00006a80   00000020  00000020  00000000  RWIX
  ECAP6                 00006aa0   00000020  00000020  00000000  RWIX
  EQEP1                 00006b00   00000040  00000040  00000000  RWIX
  EQEP2                 00006b40   00000040  00000040  00000000  RWIX
  GPIOCTRL              00006f80   00000040  0000002e  00000012  RWIX
  GPIODAT               00006fc0   00000020  00000020  00000000  RWIX
  GPIOINT               00006fe0   00000020  0000000a  00000016  RWIX
  SYSTEM                00007010   00000020  00000020  00000000  RWIX
  SPIA                  00007040   00000010  00000010  00000000  RWIX
  SCIA                  00007050   00000010  00000010  00000000  RWIX
  XINTRUPT              00007070   00000010  00000010  00000000  RWIX
  ADC                   00007100   00000020  0000001e  00000002  RWIX
  SCIB                  00007750   00000010  00000010  00000000  RWIX
  SCIC                  00007770   00000010  00000010  00000000  RWIX
  I2CA                  00007900   00000040  00000022  0000001e  RWIX
  RAML4                 0000c000   00001000  000001e5  00000e1b  RWIX
  RAML5                 0000d000   00001000  00000236  00000dca  RWIX
  RAML6                 0000e000   00001000  00000000  00001000  RWIX
  RAML7                 0000f000   00001000  00000000  00001000  RWIX
  ZONE7B                0020fc00   00000400  00000000  00000400  RWIX
  CSM_PWL               0033fff8   00000008  00000008  00000000  RWIX
  PARTID                00380090   00000001  00000001  00000000  RWIX


SECTION ALLOCATION MAP

 output                                  attributes/
section   page    origin      length       input sections
--------  ----  ----------  ----------   ----------------
codestart 
*          0    00000000    00000002     
                  00000000    00000002     DSP2833x_CodeStartBranch.obj (codestart)

.cinit     0    00008000    00000349     
                  00008000    00000326     main.obj (.cinit)
                  00008326    0000000e     rts2800_fpu32.lib : exit.c.obj (.cinit)
                  00008334    00000005                       : _lock.c.obj (.cinit:__lock)
                  00008339    00000005                       : _lock.c.obj (.cinit:__unlock)
                  0000833e    00000005                       : strtok.c.obj (.cinit)
                  00008343    00000004                       : errno.c.obj (.cinit)
                  00008347    00000002     --HOLE-- [fill = 0]

.text      0    0000a000    00000cfe     
                  0000a000    00000316     DSP2833x_DefaultIsr.obj (.text:retain)
                  0000a316    00000203     rts2800_fpu32.lib : strtod.c.obj (.text)
                  0000a519    0000019a     DSP2833x_EPwm.obj (.text)
                  0000a6b3    000000f8     DSP2833x_SysCtrl.obj (.text)
                  0000a7ab    000000c3     main.obj (.text:retain)
                  0000a86e    000000a9     main.obj (.text)
                  0000a917    00000088     rts2800_fpu32.lib : fs_div28.asm.obj (.text)
                  0000a99f    00000082     DSP2833x_Sci.obj (.text)
                  0000aa21    00000073     DSP2833x_CpuTimers.obj (.text)
                  0000aa94    0000005a     rts2800_fpu32.lib : s_scalbnf.c.obj (.text)
                  0000aaee    00000056                       : boot28.asm.obj (.text)
                  0000ab44    00000052     DSP2833x_EQep.obj (.text)
                  0000ab96    00000029     rts2800_fpu32.lib : exit.c.obj (.text)
                  0000abbf    00000028     DSP2833x_PieCtrl.obj (.text)
                  0000abe7    00000027     DSP2833x_Gpio.obj (.text)
                  0000ac0e    00000026     rts2800_fpu32.lib : strtok.c.obj (.text)
                  0000ac34    00000024                       : cpy_tbl.c.obj (.text)
                  0000ac58    00000020     DSP2833x_PieVect.obj (.text)
                  0000ac78    0000001d     rts2800_fpu32.lib : memcpy.c.obj (.text)
                  0000ac95    00000019                       : args_main.c.obj (.text)
                  0000acae    00000012                       : s_copysignf.c.obj (.text)
                  0000acc0    0000000e                       : strcspn.c.obj (.text)
                  0000acce    0000000e                       : strspn.c.obj (.text)
                  0000acdc    00000009                       : _lock.c.obj (.text)
                  0000ace5    00000008     DSP2833x_CodeStartBranch.obj (.text)
                  0000aced    00000007     DSP2833x_DisInt.obj (.text)
                  0000acf4    00000004     rts2800_fpu32.lib : atof.c.obj (.text)
                  0000acf8    00000003     DSP2833x_DBGIER.obj (.text)
                  0000acfb    00000002     rts2800_fpu32.lib : pre_init.c.obj (.text)
                  0000acfd    00000001                       : startup.c.obj (.text)

.pinit     0    00008000    00000000     UNINITIALIZED

.stack     1    00000400    00000300     UNINITIALIZED
                  00000400    00000300     --HOLE--

DevEmuRegsFile 
*          1    00000880    000000d0     UNINITIALIZED
                  00000880    000000d0     DSP2833x_GlobalVariableDefs.obj (DevEmuRegsFile)

FlashRegsFile 
*          1    00000a80    00000008     UNINITIALIZED
                  00000a80    00000008     DSP2833x_GlobalVariableDefs.obj (FlashRegsFile)

CsmRegsFile 
*          1    00000ae0    00000010     UNINITIALIZED
                  00000ae0    00000010     DSP2833x_GlobalVariableDefs.obj (CsmRegsFile)

AdcMirrorFile 
*          1    00000b00    00000010     UNINITIALIZED
                  00000b00    00000010     DSP2833x_GlobalVariableDefs.obj (AdcMirrorFile)

XintfRegsFile 
*          1    00000b20    0000001e     UNINITIALIZED
                  00000b20    0000001e     DSP2833x_GlobalVariableDefs.obj (XintfRegsFile)

CpuTimer0RegsFile 
*          1    00000c00    00000008     UNINITIALIZED
                  00000c00    00000008     DSP2833x_GlobalVariableDefs.obj (CpuTimer0RegsFile)

CpuTimer1RegsFile 
*          1    00000c08    00000008     UNINITIALIZED
                  00000c08    00000008     DSP2833x_GlobalVariableDefs.obj (CpuTimer1RegsFile)

CpuTimer2RegsFile 
*          1    00000c10    00000008     UNINITIALIZED
                  00000c10    00000008     DSP2833x_GlobalVariableDefs.obj (CpuTimer2RegsFile)

PieCtrlRegsFile 
*          1    00000ce0    0000001a     UNINITIALIZED
                  00000ce0    0000001a     DSP2833x_GlobalVariableDefs.obj (PieCtrlRegsFile)

ECanaMOTSRegsFile 
*          1    00006080    00000040     UNINITIALIZED
                  00006080    00000040     DSP2833x_GlobalVariableDefs.obj (ECanaMOTSRegsFile)

ECanaMOTORegsFile 
*          1    000060c0    00000040     UNINITIALIZED
                  000060c0    00000040     DSP2833x_GlobalVariableDefs.obj (ECanaMOTORegsFile)

ECanbMOTSRegsFile 
*          1    00006280    00000040     UNINITIALIZED
                  00006280    00000040     DSP2833x_GlobalVariableDefs.obj (ECanbMOTSRegsFile)

ECanbMOTORegsFile 
*          1    000062c0    00000040     UNINITIALIZED
                  000062c0    00000040     DSP2833x_GlobalVariableDefs.obj (ECanbMOTORegsFile)

.ebss      1    0000c000    000001e5     UNINITIALIZED
                  0000c000    000001c0     main.obj (.ebss)
                  0000c1c0    00000018     DSP2833x_CpuTimers.obj (.ebss)
                  0000c1d8    00000006     rts2800_fpu32.lib : exit.c.obj (.ebss)
                  0000c1de    00000002                       : _lock.c.obj (.ebss:__lock)
                  0000c1e0    00000002                       : _lock.c.obj (.ebss:__unlock)
                  0000c1e2    00000002                       : strtok.c.obj (.ebss)
                  0000c1e4    00000001                       : errno.c.obj (.ebss)

.econst    1    0000d000    00000236     
                  0000d000    00000101     rts2800_fpu32.lib : ctype.c.obj (.econst:.string:__ctypes_)
                  0000d101    00000001     --HOLE-- [fill = 0]
                  0000d102    00000100     DSP2833x_PieVect.obj (.econst:_PieVectTableInit)
                  0000d202    00000020     rts2800_fpu32.lib : strtod.c.obj (.econst:_digits)
                  0000d222    0000000c                       : strtod.c.obj (.econst:_powerof10)
                  0000d22e    00000006                       : s_scalbnf.c.obj (.econst)
                  0000d234    00000002     main.obj (.econst:.string)

.reset     0    003fffc0    00000002     DSECT
                  003fffc0    00000002     rts2800_fpu32.lib : boot28.asm.obj (.reset)

csm_rsvd   0    0033ff80    00000076     DSECT
                  0033ff80    00000076     DSP2833x_CSMPasswords.obj (csm_rsvd)

csmpasswds 
*          0    0033fff8    00000008     DSECT
                  0033fff8    00000008     DSP2833x_CSMPasswords.obj (csmpasswds)

.adc_cal   0    00380080    00000007     NOLOAD SECTION
                  00380080    00000007     DSP2833x_ADC_cal.obj (.adc_cal)

PieVectTableFile 
*          1    00000d00    00000100     UNINITIALIZED
                  00000d00    00000100     DSP2833x_GlobalVariableDefs.obj (PieVectTableFile)

DmaRegsFile 
*          1    00001000    000000e0     UNINITIALIZED
                  00001000    000000e0     DSP2833x_GlobalVariableDefs.obj (DmaRegsFile)

McbspaRegsFile 
*          1    00005000    00000025     UNINITIALIZED
                  00005000    00000025     DSP2833x_GlobalVariableDefs.obj (McbspaRegsFile)

McbspbRegsFile 
*          1    00005040    00000025     UNINITIALIZED
                  00005040    00000025     DSP2833x_GlobalVariableDefs.obj (McbspbRegsFile)

ECanaRegsFile 
*          1    00006000    00000034     UNINITIALIZED
                  00006000    00000034     DSP2833x_GlobalVariableDefs.obj (ECanaRegsFile)

ECanaLAMRegsFile 
*          1    00006040    00000040     UNINITIALIZED
                  00006040    00000040     DSP2833x_GlobalVariableDefs.obj (ECanaLAMRegsFile)

ECanaMboxesFile 
*          1    00006100    00000100     UNINITIALIZED
                  00006100    00000100     DSP2833x_GlobalVariableDefs.obj (ECanaMboxesFile)

ECanbRegsFile 
*          1    00006200    00000034     UNINITIALIZED
                  00006200    00000034     DSP2833x_GlobalVariableDefs.obj (ECanbRegsFile)

ECanbLAMRegsFile 
*          1    00006240    00000040     UNINITIALIZED
                  00006240    00000040     DSP2833x_GlobalVariableDefs.obj (ECanbLAMRegsFile)

ECanbMboxesFile 
*          1    00006300    00000100     UNINITIALIZED
                  00006300    00000100     DSP2833x_GlobalVariableDefs.obj (ECanbMboxesFile)

EPwm1RegsFile 
*          1    00006800    00000022     UNINITIALIZED
                  00006800    00000022     DSP2833x_GlobalVariableDefs.obj (EPwm1RegsFile)

EPwm2RegsFile 
*          1    00006840    00000022     UNINITIALIZED
                  00006840    00000022     DSP2833x_GlobalVariableDefs.obj (EPwm2RegsFile)

EPwm3RegsFile 
*          1    00006880    00000022     UNINITIALIZED
                  00006880    00000022     DSP2833x_GlobalVariableDefs.obj (EPwm3RegsFile)

EPwm4RegsFile 
*          1    000068c0    00000022     UNINITIALIZED
                  000068c0    00000022     DSP2833x_GlobalVariableDefs.obj (EPwm4RegsFile)

EPwm5RegsFile 
*          1    00006900    00000022     UNINITIALIZED
                  00006900    00000022     DSP2833x_GlobalVariableDefs.obj (EPwm5RegsFile)

EPwm6RegsFile 
*          1    00006940    00000022     UNINITIALIZED
                  00006940    00000022     DSP2833x_GlobalVariableDefs.obj (EPwm6RegsFile)

ECap1RegsFile 
*          1    00006a00    00000020     UNINITIALIZED
                  00006a00    00000020     DSP2833x_GlobalVariableDefs.obj (ECap1RegsFile)

ECap2RegsFile 
*          1    00006a20    00000020     UNINITIALIZED
                  00006a20    00000020     DSP2833x_GlobalVariableDefs.obj (ECap2RegsFile)

ECap3RegsFile 
*          1    00006a40    00000020     UNINITIALIZED
                  00006a40    00000020     DSP2833x_GlobalVariableDefs.obj (ECap3RegsFile)

ECap4RegsFile 
*          1    00006a60    00000020     UNINITIALIZED
                  00006a60    00000020     DSP2833x_GlobalVariableDefs.obj (ECap4RegsFile)

ECap5RegsFile 
*          1    00006a80    00000020     UNINITIALIZED
                  00006a80    00000020     DSP2833x_GlobalVariableDefs.obj (ECap5RegsFile)

ECap6RegsFile 
*          1    00006aa0    00000020     UNINITIALIZED
                  00006aa0    00000020     DSP2833x_GlobalVariableDefs.obj (ECap6RegsFile)

EQep1RegsFile 
*          1    00006b00    00000040     UNINITIALIZED
                  00006b00    00000040     DSP2833x_GlobalVariableDefs.obj (EQep1RegsFile)

EQep2RegsFile 
*          1    00006b40    00000040     UNINITIALIZED
                  00006b40    00000040     DSP2833x_GlobalVariableDefs.obj (EQep2RegsFile)

GpioCtrlRegsFile 
*          1    00006f80    0000002e     UNINITIALIZED
                  00006f80    0000002e     DSP2833x_GlobalVariableDefs.obj (GpioCtrlRegsFile)

GpioDataRegsFile 
*          1    00006fc0    00000020     UNINITIALIZED
                  00006fc0    00000020     DSP2833x_GlobalVariableDefs.obj (GpioDataRegsFile)

GpioIntRegsFile 
*          1    00006fe0    0000000a     UNINITIALIZED
                  00006fe0    0000000a     DSP2833x_GlobalVariableDefs.obj (GpioIntRegsFile)

SysCtrlRegsFile 
*          1    00007010    00000020     UNINITIALIZED
                  00007010    00000020     DSP2833x_GlobalVariableDefs.obj (SysCtrlRegsFile)

SpiaRegsFile 
*          1    00007040    00000010     UNINITIALIZED
                  00007040    00000010     DSP2833x_GlobalVariableDefs.obj (SpiaRegsFile)

SciaRegsFile 
*          1    00007050    00000010     UNINITIALIZED
                  00007050    00000010     DSP2833x_GlobalVariableDefs.obj (SciaRegsFile)

XIntruptRegsFile 
*          1    00007070    00000010     UNINITIALIZED
                  00007070    00000010     DSP2833x_GlobalVariableDefs.obj (XIntruptRegsFile)

AdcRegsFile 
*          1    00007100    0000001e     UNINITIALIZED
                  00007100    0000001e     DSP2833x_GlobalVariableDefs.obj (AdcRegsFile)

ScibRegsFile 
*          1    00007750    00000010     UNINITIALIZED
                  00007750    00000010     DSP2833x_GlobalVariableDefs.obj (ScibRegsFile)

ScicRegsFile 
*          1    00007770    00000010     UNINITIALIZED
                  00007770    00000010     DSP2833x_GlobalVariableDefs.obj (ScicRegsFile)

I2caRegsFile 
*          1    00007900    00000022     UNINITIALIZED
                  00007900    00000022     DSP2833x_GlobalVariableDefs.obj (I2caRegsFile)

CsmPwlFile 
*          1    0033fff8    00000008     UNINITIALIZED
                  0033fff8    00000008     DSP2833x_GlobalVariableDefs.obj (CsmPwlFile)

PartIdRegsFile 
*          1    00380090    00000001     UNINITIALIZED
                  00380090    00000001     DSP2833x_GlobalVariableDefs.obj (PartIdRegsFile)

ramfuncs   0    00000050    00000004     
                  00000050    00000004     DSP2833x_usDelay.obj (ramfuncs)

MODULE SUMMARY

       Module                            code   initialized data   uninitialized data
       ------                            ----   ----------------   ------------------
    .\
       main.obj                          364    808                448               
    +--+---------------------------------+------+------------------+--------------------+
       Total:                            364    808                448               
                                                                                     
    .\source\
       DSP2833x_GlobalVariableDefs.obj   0      0                  2679              
       DSP2833x_DefaultIsr.obj           790    0                  0                 
       DSP2833x_EPwm.obj                 410    0                  0                 
       DSP2833x_PieVect.obj              32     256                0                 
       DSP2833x_SysCtrl.obj              248    0                  0                 
       DSP2833x_CpuTimers.obj            115    0                  24                
       DSP2833x_Sci.obj                  130    0                  0                 
       DSP2833x_EQep.obj                 82     0                  0                 
       DSP2833x_PieCtrl.obj              40     0                  0                 
       DSP2833x_Gpio.obj                 39     0                  0                 
       DSP2833x_CodeStartBranch.obj      10     0                  0                 
       DSP2833x_ADC_cal.obj              7      0                  0                 
       DSP2833x_DisInt.obj               7      0                  0                 
       DSP2833x_usDelay.obj              4      0                  0                 
       DSP2833x_DBGIER.obj               3      0                  0                 
    +--+---------------------------------+------+------------------+--------------------+
       Total:                            1917   256                2703              
                                                                                     
    C:\ti\ccsv8\tools\compiler\ti-cgt-c2000_18.1.4.LTS\lib\rts2800_fpu32.lib
       strtod.c.obj                      515    44                 0                 
       ctype.c.obj                       0      257                0                 
       fs_div28.asm.obj                  136    0                  0                 
       s_scalbnf.c.obj                   90     6                  0                 
       boot28.asm.obj                    86     0                  0                 
       exit.c.obj                        41     14                 6                 
       strtok.c.obj                      38     5                  2                 
       cpy_tbl.c.obj                     36     0                  0                 
       memcpy.c.obj                      29     0                  0                 
       args_main.c.obj                   25     0                  0                 
       _lock.c.obj                       9      10                 4                 
       s_copysignf.c.obj                 18     0                  0                 
       strcspn.c.obj                     14     0                  0                 
       strspn.c.obj                      14     0                  0                 
       errno.c.obj                       0      4                  1                 
       atof.c.obj                        4      0                  0                 
       pre_init.c.obj                    2      0                  0                 
       startup.c.obj                     1      0                  0                 
    +--+---------------------------------+------+------------------+--------------------+
       Total:                            1058   340                13                
                                                                                     
       Stack:                            0      0                  768               
    +--+---------------------------------+------+------------------+--------------------+
       Grand Total:                      3339   1404               3932              


GLOBAL DATA SYMBOLS: SORTED BY DATA PAGE

address     data page           name
--------    ----------------    ----
00000400      10 (00000400)     __stack

00000880      22 (00000880)     _DevEmuRegs

00000a80      2a (00000a80)     _FlashRegs

00000ae0      2b (00000ac0)     _CsmRegs

00000b00      2c (00000b00)     _AdcMirror
00000b20      2c (00000b00)     _XintfRegs

00000c00      30 (00000c00)     _CpuTimer0Regs
00000c08      30 (00000c00)     _CpuTimer1Regs
00000c10      30 (00000c00)     _CpuTimer2Regs

00000ce0      33 (00000cc0)     _PieCtrlRegs

00000d00      34 (00000d00)     _PieVectTable

00001000      40 (00001000)     _DmaRegs

00005000     140 (00005000)     _McbspaRegs

00005040     141 (00005040)     _McbspbRegs

00006000     180 (00006000)     _ECanaRegs

00006040     181 (00006040)     _ECanaLAMRegs

00006080     182 (00006080)     _ECanaMOTSRegs

000060c0     183 (000060c0)     _ECanaMOTORegs

00006100     184 (00006100)     _ECanaMboxes

00006200     188 (00006200)     _ECanbRegs

00006240     189 (00006240)     _ECanbLAMRegs

00006280     18a (00006280)     _ECanbMOTSRegs

000062c0     18b (000062c0)     _ECanbMOTORegs

00006300     18c (00006300)     _ECanbMboxes

00006800     1a0 (00006800)     _EPwm1Regs

00006840     1a1 (00006840)     _EPwm2Regs

00006880     1a2 (00006880)     _EPwm3Regs

000068c0     1a3 (000068c0)     _EPwm4Regs

00006900     1a4 (00006900)     _EPwm5Regs

00006940     1a5 (00006940)     _EPwm6Regs

00006a00     1a8 (00006a00)     _ECap1Regs
00006a20     1a8 (00006a00)     _ECap2Regs

00006a40     1a9 (00006a40)     _ECap3Regs
00006a60     1a9 (00006a40)     _ECap4Regs

00006a80     1aa (00006a80)     _ECap5Regs
00006aa0     1aa (00006a80)     _ECap6Regs

00006b00     1ac (00006b00)     _EQep1Regs

00006b40     1ad (00006b40)     _EQep2Regs

00006f80     1be (00006f80)     _GpioCtrlRegs

00006fc0     1bf (00006fc0)     _GpioDataRegs
00006fe0     1bf (00006fc0)     _GpioIntRegs

00007010     1c0 (00007000)     _SysCtrlRegs

00007040     1c1 (00007040)     _SpiaRegs
00007050     1c1 (00007040)     _SciaRegs
00007070     1c1 (00007040)     _XIntruptRegs

00007100     1c4 (00007100)     _AdcRegs

00007750     1dd (00007740)     _ScibRegs
00007770     1dd (00007740)     _ScicRegs

00007900     1e4 (00007900)     _I2caRegs

0000c000     300 (0000c000)     _test_motor_control
0000c001     300 (0000c000)     _test_Control_Flag
0000c002     300 (0000c000)     _T_Angular_Temp
0000c003     300 (0000c000)     _T_Angle_Temp
0000c004     300 (0000c000)     _Fan_Angle_PID_test
0000c005     300 (0000c000)     _Fan_Control_test
0000c006     300 (0000c000)     _test_main
0000c007     300 (0000c000)     _R_Angle_Temp
0000c008     300 (0000c000)     _Angular_Temp
0000c009     300 (0000c000)     _Scia_TxDataSave_Flag
0000c00a     300 (0000c000)     _Scia_RxRemainder
0000c00b     300 (0000c000)     _Scia_SensorDataReady_Flag
0000c00c     300 (0000c000)     _Scia_TxReady_Flag
0000c00d     300 (0000c000)     _Scib_SensorDataReady_Flag
0000c00e     300 (0000c000)     _Angle_Temp
0000c00f     300 (0000c000)     _Scia_RxMode
0000c010     300 (0000c000)     _Scib_RxRemainder
0000c011     300 (0000c000)     _b
0000c012     300 (0000c000)     _d
0000c013     300 (0000c000)     _c
0000c014     300 (0000c000)     _a
0000c015     300 (0000c000)     _addr_a
0000c016     300 (0000c000)     _number_of_item
0000c017     300 (0000c000)     _ff
0000c018     300 (0000c000)     _i
0000c019     300 (0000c000)     _Data_Reset
0000c01a     300 (0000c000)     _test_cpu
0000c01b     300 (0000c000)     _test_isrset
0000c01c     300 (0000c000)     _test_interrupt_scia
0000c01d     300 (0000c000)     _test_interrupt_cpu
0000c01e     300 (0000c000)     _result
0000c01f     300 (0000c000)     _n
0000c020     300 (0000c000)     _test_for
0000c021     300 (0000c000)     _sbuf_cnt
0000c022     300 (0000c000)     _Duty1A
0000c023     300 (0000c000)     _R2
0000c024     300 (0000c000)     _Test1
0000c025     300 (0000c000)     _L1
0000c026     300 (0000c000)     _L2
0000c027     300 (0000c000)     _Duty1B
0000c028     300 (0000c000)     _Fan_R_Value
0000c029     300 (0000c000)     _Tilt_Go_L
0000c02a     300 (0000c000)     _R1
0000c02b     300 (0000c000)     _Test2
0000c02c     300 (0000c000)     _R3
0000c02d     300 (0000c000)     _Fan_Test1
0000c02e     300 (0000c000)     _Tilt_Go_R
0000c02f     300 (0000c000)     _Cnt_500us
0000c030     300 (0000c000)     _flag
0000c031     300 (0000c000)     _Sample_10ms_Flag
0000c032     300 (0000c000)     _Scib_RxMode
0000c033     300 (0000c000)     _Blue_Turn_flag
0000c034     300 (0000c000)     _Cnt_Tx
0000c035     300 (0000c000)     _Fan_L_Value
0000c036     300 (0000c000)     _L3
0000c037     300 (0000c000)     _as
0000c038     300 (0000c000)     _Iup
0000c03a     300 (0000c000)     _Fan_Angle_desired
0000c03c     300 (0000c000)     _Idown
0000c03e     300 (0000c000)     _Fan_Angle_dt

0000c040     301 (0000c040)     _Fan_AngleControl
0000c042     301 (0000c040)     _Fan_AngleErr
0000c044     301 (0000c040)     _Fan_AngleErrSum
0000c046     301 (0000c040)     _Roll
0000c048     301 (0000c040)     _Pitch
0000c04a     301 (0000c040)     _Ddown
0000c04c     301 (0000c040)     _Dup
0000c04e     301 (0000c040)     _Tilting_Change_Mode2
0000c050     301 (0000c040)     _Tilting_Change_Mode3
0000c052     301 (0000c040)     _Tilting_Change_Mode5
0000c054     301 (0000c040)     _Tilting_Change_Mode4
0000c056     301 (0000c040)     _T_pre_AngleErr
0000c058     301 (0000c040)     _T_Angle_dt
0000c05a     301 (0000c040)     _Tilting_Change_Mode1
0000c05c     301 (0000c040)     _T_AngleControl
0000c05e     301 (0000c040)     _Tilting_Ducted_Fan3
0000c060     301 (0000c040)     _Pup
0000c062     301 (0000c040)     _Tilting_Ducted_Fan
0000c064     301 (0000c040)     _Tilting_Ducted_Fan2
0000c066     301 (0000c040)     _Tilting_Toal_Value_L
0000c068     301 (0000c040)     _Tilting_Change_Mode6
0000c06a     301 (0000c040)     _Pdown
0000c06c     301 (0000c040)     _Fan_Control_temp_R
0000c06e     301 (0000c040)     _Fan_Control_temp_L
0000c070     301 (0000c040)     _Fan_AKd
0000c072     301 (0000c040)     _Fan_AKp
0000c074     301 (0000c040)     _Fan_Pre_AngleErr
0000c076     301 (0000c040)     _Yaw
0000c078     301 (0000c040)     _Total_Fan_Control_R
0000c07a     301 (0000c040)     _Total_Fan_Control_L
0000c07c     301 (0000c040)     _T_AngleErr
0000c07e     301 (0000c040)     _T_Angle_desired

0000c080     302 (0000c080)     _Tilting_Toal_Value_R
0000c082     302 (0000c080)     _T_AngleErrSum
0000c084     302 (0000c080)     _Fan_Max_Value
0000c086     302 (0000c080)     _Fan_AKi
0000c088     302 (0000c080)     _T_Angular
0000c08a     302 (0000c080)     _T_Angle
0000c08c     302 (0000c080)     _Angular
0000c08e     302 (0000c080)     _Angle
0000c090     302 (0000c080)     _AngleErr
0000c092     302 (0000c080)     _Angle_desired
0000c094     302 (0000c080)     _AngleErrSum
0000c096     302 (0000c080)     _R
0000c098     302 (0000c080)     _L
0000c09a     302 (0000c080)     _Duty_h
0000c09c     302 (0000c080)     _Duty
0000c09e     302 (0000c080)     _P_Err_dt
0000c0a0     302 (0000c080)     _P_Err_Sum
0000c0a2     302 (0000c080)     _P_Control
0000c0a4     302 (0000c080)     _pre_P_Err
0000c0a6     302 (0000c080)     _P_desired
0000c0a8     302 (0000c080)     _Angle_dt
0000c0aa     302 (0000c080)     _adcloop
0000c0ac     302 (0000c080)     _AngleControl
0000c0ae     302 (0000c080)     _pre_AngleErr
0000c0b0     302 (0000c080)     _P_Err
0000c0b2     302 (0000c080)     _PKp
0000c0b4     302 (0000c080)     _T_AKi
0000c0b6     302 (0000c080)     _PKi
0000c0b8     302 (0000c080)     _PKd
0000c0ba     302 (0000c080)     _SKp
0000c0bc     302 (0000c080)     _AKd
0000c0be     302 (0000c080)     _AKp

0000c0c0     303 (0000c0c0)     _T_AKp
0000c0c2     303 (0000c0c0)     _AKi
0000c0c4     303 (0000c0c0)     _Duct_Fan_Dec_flag
0000c0c6     303 (0000c0c0)     _Duct_Fan_Acc_flag
0000c0c8     303 (0000c0c0)     _Fan_R_Cali
0000c0ca     303 (0000c0c0)     _Duct_Fan_Acc
0000c0cc     303 (0000c0c0)     _Fan_L_Cali
0000c0ce     303 (0000c0c0)     _SKi
0000c0d0     303 (0000c0c0)     _T_AKd
0000c0d2     303 (0000c0c0)     _HKd
0000c0d4     303 (0000c0c0)     _HKp
0000c0d6     303 (0000c0c0)     _HKi
0000c0d8     303 (0000c0c0)     _R_position
0000c0da     303 (0000c0c0)     _L_position
0000c0dc     303 (0000c0c0)     _P_Err_dt_x1
0000c0de     303 (0000c0c0)     _P_Err_dt_filter
0000c0e0     303 (0000c0c0)     _R_Angle
0000c0e2     303 (0000c0c0)     _Total_Control_R
0000c0e4     303 (0000c0c0)     _count1_EQep2
0000c0e6     303 (0000c0c0)     _count1_EQep1
0000c0e8     303 (0000c0c0)     _H_Err_dt_x1
0000c0ea     303 (0000c0c0)     _H_Err_dt_filter
0000c0ec     303 (0000c0c0)     _addr
0000c0ee     303 (0000c0c0)     _H_Err_dt_y1
0000c0f0     303 (0000c0c0)     _Speed_filter
0000c0f2     303 (0000c0c0)     _P_Err_dt_y1
0000c0f4     303 (0000c0c0)     _Speed_y1
0000c0f6     303 (0000c0c0)     _Speed_x1
0000c0f8     303 (0000c0c0)     _Pre_Position
0000c0fa     303 (0000c0c0)     _S_desired
0000c0fc     303 (0000c0c0)     _H_Err_Sum
0000c0fe     303 (0000c0c0)     _H_Err

0000c100     304 (0000c100)     _S_Err
0000c102     304 (0000c100)     _Speed
0000c104     304 (0000c100)     _S_Control
0000c106     304 (0000c100)     _S_Err_Sum
0000c108     304 (0000c100)     _Motor_Control_temp_L
0000c10a     304 (0000c100)     _Heading_Angle
0000c10c     304 (0000c100)     _Total_Control_L
0000c10e     304 (0000c100)     _Motor_Control_temp_R
0000c110     304 (0000c100)     _pre_H_Err
0000c112     304 (0000c100)     _H_Err_dt
0000c114     304 (0000c100)     _H_desired
0000c116     304 (0000c100)     _H_Control
0000c118     304 (0000c100)     _Sensor_Data
0000c11e     304 (0000c100)     _item
0000c124     304 (0000c100)     _Scia_SensorData
0000c130     304 (0000c100)     _Scia_TxBuff

0000c140     305 (0000c140)     _Buff

0000c180     306 (0000c180)     _sbuf

0000c1c0     307 (0000c1c0)     _CpuTimer1
0000c1c8     307 (0000c1c0)     _CpuTimer2
0000c1d0     307 (0000c1c0)     _CpuTimer0
0000c1d8     307 (0000c1c0)     ___TI_enable_exit_profile_output
0000c1da     307 (0000c1c0)     ___TI_cleanup_ptr
0000c1dc     307 (0000c1c0)     ___TI_dtors_ptr
0000c1de     307 (0000c1c0)     __lock
0000c1e0     307 (0000c1c0)     __unlock
0000c1e4     307 (0000c1c0)     _errno

0000d000     340 (0000d000)     __ctypes_

0000d102     344 (0000d100)     _PieVectTableInit

0033fff8    cfff (0033ffc0)     _CsmPwl

00380090    e002 (00380080)     _PartIdRegs


GLOBAL SYMBOLS: SORTED ALPHABETICALLY BY Name 

page  address   name                            
----  -------   ----                            
0     0000a000  .text                           
0     0000ab96  C$$EXIT                         
0     0000a917  FS$$DIV                         
0     0000a0e6  _ADCINT_ISR                     
0     00380080  _ADC_cal                        
1     0000c0bc  _AKd                            
1     0000c0c2  _AKi                            
1     0000c0be  _AKp                            
1     00000b00  _AdcMirror                      
1     00007100  _AdcRegs                        
1     0000c08e  _Angle                          
1     0000c0ac  _AngleControl                   
1     0000c090  _AngleErr                       
1     0000c094  _AngleErrSum                    
1     0000c00e  _Angle_Temp                     
1     0000c092  _Angle_desired                  
1     0000c0a8  _Angle_dt                       
1     0000c08c  _Angular                        
1     0000c008  _Angular_Temp                   
1     0000c033  _Blue_Turn_flag                 
1     0000c140  _Buff                           
1     0000c02f  _Cnt_500us                      
1     0000c034  _Cnt_Tx                         
0     0000aa5a  _ConfigCpuTimer                 
1     0000c1d0  _CpuTimer0                      
1     00000c00  _CpuTimer0Regs                  
1     0000c1c0  _CpuTimer1                      
1     00000c08  _CpuTimer1Regs                  
1     0000c1c8  _CpuTimer2                      
1     00000c10  _CpuTimer2Regs                  
0     0000a8f7  _CpuTimer_set                   
0     0000a7ab  _Cpu_Timer0_Isr                 
1     0033fff8  _CsmPwl                         
1     00000ae0  _CsmRegs                        
0     0000a77a  _CsmUnlock                      
0     0000a014  _DATALOG_ISR                    
0     0000a208  _DINTCH1_ISR                    
0     0000a212  _DINTCH2_ISR                    
0     0000a21c  _DINTCH3_ISR                    
0     0000a226  _DINTCH4_ISR                    
0     0000a230  _DINTCH5_ISR                    
0     0000a23a  _DINTCH6_ISR                    
0     0000aced  _DSP28x_DisableInt              
0     0000acf1  _DSP28x_RestoreInt              
0     00000050  _DSP28x_usDelay                 
1     0000c019  _Data_Reset                     
1     0000c04a  _Ddown                          
1     00000880  _DevEmuRegs                     
0     0000a6c6  _DisableDog                     
1     00001000  _DmaRegs                        
1     0000c0ca  _Duct_Fan_Acc                   
1     0000c0c6  _Duct_Fan_Acc_flag              
1     0000c0c4  _Duct_Fan_Dec_flag              
1     0000c04c  _Dup                            
1     0000c09c  _Duty                           
1     0000c022  _Duty1A                         
1     0000c027  _Duty1B                         
1     0000c09a  _Duty_h                         
0     0000a294  _ECAN0INTA_ISR                  
0     0000a2a8  _ECAN0INTB_ISR                  
0     0000a29e  _ECAN1INTA_ISR                  
0     0000a2b2  _ECAN1INTB_ISR                  
0     0000a17c  _ECAP1_INT_ISR                  
0     0000a186  _ECAP2_INT_ISR                  
0     0000a190  _ECAP3_INT_ISR                  
0     0000a19a  _ECAP4_INT_ISR                  
0     0000a1a4  _ECAP5_INT_ISR                  
0     0000a1ae  _ECAP6_INT_ISR                  
1     00006040  _ECanaLAMRegs                   
1     000060c0  _ECanaMOTORegs                  
1     00006080  _ECanaMOTSRegs                  
1     00006100  _ECanaMboxes                    
1     00006000  _ECanaRegs                      
1     00006240  _ECanbLAMRegs                   
1     000062c0  _ECanbMOTORegs                  
1     00006280  _ECanbMOTSRegs                  
1     00006300  _ECanbMboxes                    
1     00006200  _ECanbRegs                      
1     00006a00  _ECap1Regs                      
1     00006a20  _ECap2Regs                      
1     00006a40  _ECap3Regs                      
1     00006a60  _ECap4Regs                      
1     00006a80  _ECap5Regs                      
1     00006aa0  _ECap6Regs                      
0     0000a028  _EMUINT_ISR                     
0     0000a140  _EPWM1_INT_ISR                  
0     0000a104  _EPWM1_TZINT_ISR                
0     0000a14a  _EPWM2_INT_ISR                  
0     0000a10e  _EPWM2_TZINT_ISR                
0     0000a154  _EPWM3_INT_ISR                  
0     0000a118  _EPWM3_TZINT_ISR                
0     0000a15e  _EPWM4_INT_ISR                  
0     0000a122  _EPWM4_TZINT_ISR                
0     0000a168  _EPWM5_INT_ISR                  
0     0000a12c  _EPWM5_TZINT_ISR                
0     0000a172  _EPWM6_INT_ISR                  
0     0000a136  _EPWM6_TZINT_ISR                
1     00006800  _EPwm1Regs                      
1     00006840  _EPwm2Regs                      
1     00006880  _EPwm3Regs                      
1     000068c0  _EPwm4Regs                      
1     00006900  _EPwm5Regs                      
1     00006940  _EPwm6Regs                      
0     0000a1b8  _EQEP1_INT_ISR                  
0     0000a1c2  _EQEP2_INT_ISR                  
1     00006b00  _EQep1Regs                      
1     00006b40  _EQep2Regs                      
0     0000abde  _EnableInterrupts               
1     0000c070  _Fan_AKd                        
1     0000c086  _Fan_AKi                        
1     0000c072  _Fan_AKp                        
1     0000c040  _Fan_AngleControl               
1     0000c042  _Fan_AngleErr                   
1     0000c044  _Fan_AngleErrSum                
1     0000c004  _Fan_Angle_PID_test             
1     0000c03a  _Fan_Angle_desired              
1     0000c03e  _Fan_Angle_dt                   
1     0000c06e  _Fan_Control_temp_L             
1     0000c06c  _Fan_Control_temp_R             
1     0000c005  _Fan_Control_test               
1     0000c0cc  _Fan_L_Cali                     
1     0000c035  _Fan_L_Value                    
1     0000c084  _Fan_Max_Value                  
1     0000c074  _Fan_Pre_AngleErr               
1     0000c0c8  _Fan_R_Cali                     
1     0000c028  _Fan_R_Value                    
1     0000c02d  _Fan_Test1                      
1     00000a80  _FlashRegs                      
1     00006f80  _GpioCtrlRegs                   
1     00006fc0  _GpioDataRegs                   
1     00006fe0  _GpioIntRegs                    
1     0000c0d2  _HKd                            
1     0000c0d6  _HKi                            
1     0000c0d4  _HKp                            
1     0000c116  _H_Control                      
1     0000c0fe  _H_Err                          
1     0000c0fc  _H_Err_Sum                      
1     0000c112  _H_Err_dt                       
1     0000c0ea  _H_Err_dt_filter                
1     0000c0e8  _H_Err_dt_x1                    
1     0000c0ee  _H_Err_dt_y1                    
1     0000c114  _H_desired                      
1     0000c10a  _Heading_Angle                  
0     0000a244  _I2CINT1A_ISR                   
0     0000a24e  _I2CINT2A_ISR                   
1     00007900  _I2caRegs                       
0     0000a03c  _ILLEGAL_ISR                    
0     0000a000  _INT13_ISR                      
0     0000a00a  _INT14_ISR                      
1     0000c03c  _Idown                          
0     0000aa21  _InitCpuTimers                  
0     0000a519  _InitEPwm                       
0     0000a613  _InitEPwm1Gpio                  
0     0000a61f  _InitEPwm2Gpio                  
0     0000a62b  _InitEPwm3Gpio                  
0     0000a63a  _InitEPwm4Gpio                  
0     0000a649  _InitEPwm5Gpio                  
0     0000a65b  _InitEPwm6Gpio                  
0     0000a606  _InitEPwmGpio                   
0     0000a669  _InitEPwmSyncGpio               
0     0000ab44  _InitEQep                       
0     0000ab68  _InitEQep1Gpio                  
0     0000ab80  _InitEQep2Gpio                  
0     0000ab63  _InitEQepGpio                   
0     0000abe7  _InitGpio                       
0     0000a71f  _InitPeripheralClocks           
0     0000abbf  _InitPieCtrl                    
0     0000ac58  _InitPieVectTable               
0     0000a6ce  _InitPll                        
0     0000a99f  _InitSci                        
0     0000a9db  _InitSciGpio                    
0     0000a9e2  _InitSciaGpio                   
0     0000a9f7  _InitScibGpio                   
0     0000aa0b  _InitScicGpio                   
0     0000a6b3  _InitSysCtrl                    
0     0000a67d  _InitTzGpio                     
0     0000a8d9  _IsrSet                         
1     0000c038  _Iup                            
1     0000c098  _L                              
1     0000c025  _L1                             
1     0000c026  _L2                             
1     0000c036  _L3                             
0     0000a2f8  _LUF_ISR                        
0     0000a2ee  _LVF_ISR                        
1     0000c0da  _L_position                     
0     0000a1f4  _MRINTA_ISR                     
0     0000a1e0  _MRINTB_ISR                     
0     0000a1fe  _MXINTA_ISR                     
0     0000a1ea  _MXINTB_ISR                     
1     00005000  _McbspaRegs                     
1     00005040  _McbspbRegs                     
1     0000c108  _Motor_Control_temp_L           
1     0000c10e  _Motor_Control_temp_R           
0     0000a032  _NMI_ISR                        
0     0000a302  _PIE_RESERVED                   
1     0000c0b8  _PKd                            
1     0000c0b6  _PKi                            
1     0000c0b2  _PKp                            
1     0000c0a2  _P_Control                      
1     0000c0b0  _P_Err                          
1     0000c0a0  _P_Err_Sum                      
1     0000c09e  _P_Err_dt                       
1     0000c0de  _P_Err_dt_filter                
1     0000c0dc  _P_Err_dt_x1                    
1     0000c0f2  _P_Err_dt_y1                    
1     0000c0a6  _P_desired                      
1     00380090  _PartIdRegs                     
1     0000c06a  _Pdown                          
1     00000ce0  _PieCtrlRegs                    
1     00000d00  _PieVectTable                   
1     0000d102  _PieVectTableInit               
1     0000c048  _Pitch                          
1     0000c0f8  _Pre_Position                   
1     0000c060  _Pup                            
1     0000c096  _R                              
1     0000c02a  _R1                             
1     0000c023  _R2                             
1     0000c02c  _R3                             
0     0000a01e  _RTOSINT_ISR                    
1     0000c0e0  _R_Angle                        
1     0000c007  _R_Angle_Temp                   
1     0000c0d8  _R_position                     
1     0000c046  _Roll                           
0     0000a26c  _SCIRXINTA_ISR                  
0     0000a280  _SCIRXINTB_ISR                  
0     0000a258  _SCIRXINTC_ISR                  
0     0000a276  _SCITXINTA_ISR                  
0     0000a28a  _SCITXINTB_ISR                  
0     0000a262  _SCITXINTC_ISR                  
0     0000a0be  _SEQ1INT_ISR                    
0     0000a0c8  _SEQ2INT_ISR                    
1     0000c0ce  _SKi                            
1     0000c0ba  _SKp                            
0     0000a1cc  _SPIRXINTA_ISR                  
0     0000a1d6  _SPITXINTA_ISR                  
1     0000c104  _S_Control                      
1     0000c100  _S_Err                          
1     0000c106  _S_Err_Sum                      
1     0000c0fa  _S_desired                      
1     0000c031  _Sample_10ms_Flag               
1     00007050  _SciaRegs                       
0     0000a7c7  _SciaRxFifoIsr                  
1     0000c00f  _Scia_RxMode                    
1     0000c00a  _Scia_RxRemainder               
1     0000c124  _Scia_SensorData                
1     0000c00b  _Scia_SensorDataReady_Flag      
1     0000c130  _Scia_TxBuff                    
1     0000c009  _Scia_TxDataSave_Flag           
1     0000c00c  _Scia_TxReady_Flag              
1     00007750  _ScibRegs                       
n/a   UNDEFED   _ScibRxFifoIsr                  
1     0000c032  _Scib_RxMode                    
1     0000c010  _Scib_RxRemainder               
1     0000c00d  _Scib_SensorDataReady_Flag      
1     00007770  _ScicRegs                       
1     0000c118  _Sensor_Data                    
0     0000a6bc  _ServiceDog                     
0     0000acf8  _SetDBGIER                      
1     0000c102  _Speed                          
1     0000c0f0  _Speed_filter                   
1     0000c0f6  _Speed_x1                       
1     0000c0f4  _Speed_y1                       
1     00007040  _SpiaRegs                       
1     00007010  _SysCtrlRegs                    
0     0000a0f0  _TINT0_ISR                      
1     0000c0d0  _T_AKd                          
1     0000c0b4  _T_AKi                          
1     0000c0c0  _T_AKp                          
1     0000c08a  _T_Angle                        
1     0000c05c  _T_AngleControl                 
1     0000c07c  _T_AngleErr                     
1     0000c082  _T_AngleErrSum                  
1     0000c003  _T_Angle_Temp                   
1     0000c07e  _T_Angle_desired                
1     0000c058  _T_Angle_dt                     
1     0000c088  _T_Angular                      
1     0000c002  _T_Angular_Temp                 
1     0000c056  _T_pre_AngleErr                 
1     0000c024  _Test1                          
1     0000c02b  _Test2                          
1     0000c029  _Tilt_Go_L                      
1     0000c02e  _Tilt_Go_R                      
1     0000c05a  _Tilting_Change_Mode1           
1     0000c04e  _Tilting_Change_Mode2           
1     0000c050  _Tilting_Change_Mode3           
1     0000c054  _Tilting_Change_Mode4           
1     0000c052  _Tilting_Change_Mode5           
1     0000c068  _Tilting_Change_Mode6           
1     0000c062  _Tilting_Ducted_Fan             
1     0000c064  _Tilting_Ducted_Fan2            
1     0000c05e  _Tilting_Ducted_Fan3            
1     0000c066  _Tilting_Toal_Value_L           
1     0000c080  _Tilting_Toal_Value_R           
1     0000c10c  _Total_Control_L                
1     0000c0e2  _Total_Control_R                
1     0000c07a  _Total_Fan_Control_L            
1     0000c078  _Total_Fan_Control_R            
0     0000a0a0  _USER10_ISR                     
0     0000a0aa  _USER11_ISR                     
0     0000a0b4  _USER12_ISR                     
0     0000a046  _USER1_ISR                      
0     0000a050  _USER2_ISR                      
0     0000a05a  _USER3_ISR                      
0     0000a064  _USER4_ISR                      
0     0000a06e  _USER5_ISR                      
0     0000a078  _USER6_ISR                      
0     0000a082  _USER7_ISR                      
0     0000a08c  _USER8_ISR                      
0     0000a096  _USER9_ISR                      
0     0000a0fa  _WAKEINT_ISR                    
0     0000a0d2  _XINT1_ISR                      
0     0000a0dc  _XINT2_ISR                      
0     0000a2bc  _XINT3_ISR                      
0     0000a2c6  _XINT4_ISR                      
0     0000a2d0  _XINT5_ISR                      
0     0000a2da  _XINT6_ISR                      
0     0000a2e4  _XINT7_ISR                      
1     00007070  _XIntruptRegs                   
1     00000b20  _XintfRegs                      
1     0000c076  _Yaw                            
1     00000700  __STACK_END                     
abs   00000300  __STACK_SIZE                    
1     0000c1da  ___TI_cleanup_ptr               
1     0000c1dc  ___TI_dtors_ptr                 
1     0000c1d8  ___TI_enable_exit_profile_output
abs   ffffffff  ___TI_pprof_out_hndl            
abs   ffffffff  ___TI_prof_data_size            
abs   ffffffff  ___TI_prof_data_start           
abs   ffffffff  ___binit__                      
abs   ffffffff  ___c_args__                     
0     00008000  ___cinit__                      
0     0000acfe  ___etext__                      
abs   ffffffff  ___pinit__                      
0     0000a000  ___text__                       
0     0000ac95  __args_main                     
1     0000d000  __ctypes_                       
1     0000c1de  __lock                          
0     0000ace4  __nop                           
0     0000ace0  __register_lock                 
0     0000acdc  __register_unlock               
1     00000400  __stack                         
0     0000acfd  __system_post_cinit             
0     0000acfb  __system_pre_init               
1     0000c1e0  __unlock                        
1     0000c014  _a                              
0     0000ab96  _abort                          
1     0000c0aa  _adcloop                        
1     0000c0ec  _addr                           
1     0000c015  _addr_a                         
1     0000c037  _as                             
0     0000acf4  _atof                           
1     0000c011  _b                              
1     0000c013  _c                              
0     0000aaee  _c_int00                        
0     0000ac34  _copy_in                        
0     0000acae  _copysign                       
0     0000acae  _copysignf                      
1     0000c0e6  _count1_EQep1                   
1     0000c0e4  _count1_EQep2                   
1     0000c012  _d                              
1     0000c1e4  _errno                          
0     0000ab98  _exit                           
1     0000c017  _ff                             
1     0000c030  _flag                           
1     0000c018  _i                              
1     0000c11e  _item                           
0     0000aa94  _ldexp                          
0     0000aa94  _ldexpf                         
0     0000a86e  _main                           
0     0000ac78  _memcpy                         
1     0000c01f  _n                              
1     0000c016  _number_of_item                 
1     0000c0ae  _pre_AngleErr                   
1     0000c110  _pre_H_Err                      
1     0000c0a4  _pre_P_Err                      
1     0000c01e  _result                         
0     0000a30c  _rsvd_ISR                       
1     0000c180  _sbuf                           
1     0000c021  _sbuf_cnt                       
0     0000aa94  _scalbn                         
0     0000aa94  _scalbnf                        
0     0000acc0  _strcspn                        
0     0000acce  _strspn                         
0     0000a316  _strtod                         
0     0000a316  _strtof                         
0     0000ac0e  _strtok                         
1     0000c001  _test_Control_Flag              
1     0000c01a  _test_cpu                       
1     0000c020  _test_for                       
1     0000c01d  _test_interrupt_cpu             
1     0000c01c  _test_interrupt_scia            
1     0000c01b  _test_isrset                    
1     0000c006  _test_main                      
1     0000c000  _test_motor_control             
abs   ffffffff  binit                           
0     00008000  cinit                           
0     00000000  code_start                      
0     0000acfe  etext                           
abs   ffffffff  pinit                           


GLOBAL SYMBOLS: SORTED BY Symbol Address 

page  address   name                            
----  -------   ----                            
0     00000000  code_start                      
0     00000050  _DSP28x_usDelay                 
0     00008000  ___cinit__                      
0     00008000  cinit                           
0     0000a000  .text                           
0     0000a000  _INT13_ISR                      
0     0000a000  ___text__                       
0     0000a00a  _INT14_ISR                      
0     0000a014  _DATALOG_ISR                    
0     0000a01e  _RTOSINT_ISR                    
0     0000a028  _EMUINT_ISR                     
0     0000a032  _NMI_ISR                        
0     0000a03c  _ILLEGAL_ISR                    
0     0000a046  _USER1_ISR                      
0     0000a050  _USER2_ISR                      
0     0000a05a  _USER3_ISR                      
0     0000a064  _USER4_ISR                      
0     0000a06e  _USER5_ISR                      
0     0000a078  _USER6_ISR                      
0     0000a082  _USER7_ISR                      
0     0000a08c  _USER8_ISR                      
0     0000a096  _USER9_ISR                      
0     0000a0a0  _USER10_ISR                     
0     0000a0aa  _USER11_ISR                     
0     0000a0b4  _USER12_ISR                     
0     0000a0be  _SEQ1INT_ISR                    
0     0000a0c8  _SEQ2INT_ISR                    
0     0000a0d2  _XINT1_ISR                      
0     0000a0dc  _XINT2_ISR                      
0     0000a0e6  _ADCINT_ISR                     
0     0000a0f0  _TINT0_ISR                      
0     0000a0fa  _WAKEINT_ISR                    
0     0000a104  _EPWM1_TZINT_ISR                
0     0000a10e  _EPWM2_TZINT_ISR                
0     0000a118  _EPWM3_TZINT_ISR                
0     0000a122  _EPWM4_TZINT_ISR                
0     0000a12c  _EPWM5_TZINT_ISR                
0     0000a136  _EPWM6_TZINT_ISR                
0     0000a140  _EPWM1_INT_ISR                  
0     0000a14a  _EPWM2_INT_ISR                  
0     0000a154  _EPWM3_INT_ISR                  
0     0000a15e  _EPWM4_INT_ISR                  
0     0000a168  _EPWM5_INT_ISR                  
0     0000a172  _EPWM6_INT_ISR                  
0     0000a17c  _ECAP1_INT_ISR                  
0     0000a186  _ECAP2_INT_ISR                  
0     0000a190  _ECAP3_INT_ISR                  
0     0000a19a  _ECAP4_INT_ISR                  
0     0000a1a4  _ECAP5_INT_ISR                  
0     0000a1ae  _ECAP6_INT_ISR                  
0     0000a1b8  _EQEP1_INT_ISR                  
0     0000a1c2  _EQEP2_INT_ISR                  
0     0000a1cc  _SPIRXINTA_ISR                  
0     0000a1d6  _SPITXINTA_ISR                  
0     0000a1e0  _MRINTB_ISR                     
0     0000a1ea  _MXINTB_ISR                     
0     0000a1f4  _MRINTA_ISR                     
0     0000a1fe  _MXINTA_ISR                     
0     0000a208  _DINTCH1_ISR                    
0     0000a212  _DINTCH2_ISR                    
0     0000a21c  _DINTCH3_ISR                    
0     0000a226  _DINTCH4_ISR                    
0     0000a230  _DINTCH5_ISR                    
0     0000a23a  _DINTCH6_ISR                    
0     0000a244  _I2CINT1A_ISR                   
0     0000a24e  _I2CINT2A_ISR                   
0     0000a258  _SCIRXINTC_ISR                  
0     0000a262  _SCITXINTC_ISR                  
0     0000a26c  _SCIRXINTA_ISR                  
0     0000a276  _SCITXINTA_ISR                  
0     0000a280  _SCIRXINTB_ISR                  
0     0000a28a  _SCITXINTB_ISR                  
0     0000a294  _ECAN0INTA_ISR                  
0     0000a29e  _ECAN1INTA_ISR                  
0     0000a2a8  _ECAN0INTB_ISR                  
0     0000a2b2  _ECAN1INTB_ISR                  
0     0000a2bc  _XINT3_ISR                      
0     0000a2c6  _XINT4_ISR                      
0     0000a2d0  _XINT5_ISR                      
0     0000a2da  _XINT6_ISR                      
0     0000a2e4  _XINT7_ISR                      
0     0000a2ee  _LVF_ISR                        
0     0000a2f8  _LUF_ISR                        
0     0000a302  _PIE_RESERVED                   
0     0000a30c  _rsvd_ISR                       
0     0000a316  _strtod                         
0     0000a316  _strtof                         
0     0000a519  _InitEPwm                       
0     0000a606  _InitEPwmGpio                   
0     0000a613  _InitEPwm1Gpio                  
0     0000a61f  _InitEPwm2Gpio                  
0     0000a62b  _InitEPwm3Gpio                  
0     0000a63a  _InitEPwm4Gpio                  
0     0000a649  _InitEPwm5Gpio                  
0     0000a65b  _InitEPwm6Gpio                  
0     0000a669  _InitEPwmSyncGpio               
0     0000a67d  _InitTzGpio                     
0     0000a6b3  _InitSysCtrl                    
0     0000a6bc  _ServiceDog                     
0     0000a6c6  _DisableDog                     
0     0000a6ce  _InitPll                        
0     0000a71f  _InitPeripheralClocks           
0     0000a77a  _CsmUnlock                      
0     0000a7ab  _Cpu_Timer0_Isr                 
0     0000a7c7  _SciaRxFifoIsr                  
0     0000a86e  _main                           
0     0000a8d9  _IsrSet                         
0     0000a8f7  _CpuTimer_set                   
0     0000a917  FS$$DIV                         
0     0000a99f  _InitSci                        
0     0000a9db  _InitSciGpio                    
0     0000a9e2  _InitSciaGpio                   
0     0000a9f7  _InitScibGpio                   
0     0000aa0b  _InitScicGpio                   
0     0000aa21  _InitCpuTimers                  
0     0000aa5a  _ConfigCpuTimer                 
0     0000aa94  _ldexp                          
0     0000aa94  _ldexpf                         
0     0000aa94  _scalbn                         
0     0000aa94  _scalbnf                        
0     0000aaee  _c_int00                        
0     0000ab44  _InitEQep                       
0     0000ab63  _InitEQepGpio                   
0     0000ab68  _InitEQep1Gpio                  
0     0000ab80  _InitEQep2Gpio                  
0     0000ab96  C$$EXIT                         
0     0000ab96  _abort                          
0     0000ab98  _exit                           
0     0000abbf  _InitPieCtrl                    
0     0000abde  _EnableInterrupts               
0     0000abe7  _InitGpio                       
0     0000ac0e  _strtok                         
0     0000ac34  _copy_in                        
0     0000ac58  _InitPieVectTable               
0     0000ac78  _memcpy                         
0     0000ac95  __args_main                     
0     0000acae  _copysign                       
0     0000acae  _copysignf                      
0     0000acc0  _strcspn                        
0     0000acce  _strspn                         
0     0000acdc  __register_unlock               
0     0000ace0  __register_lock                 
0     0000ace4  __nop                           
0     0000aced  _DSP28x_DisableInt              
0     0000acf1  _DSP28x_RestoreInt              
0     0000acf4  _atof                           
0     0000acf8  _SetDBGIER                      
0     0000acfb  __system_pre_init               
0     0000acfd  __system_post_cinit             
0     0000acfe  ___etext__                      
0     0000acfe  etext                           
0     00380080  _ADC_cal                        
1     00000400  __stack                         
1     00000700  __STACK_END                     
1     00000880  _DevEmuRegs                     
1     00000a80  _FlashRegs                      
1     00000ae0  _CsmRegs                        
1     00000b00  _AdcMirror                      
1     00000b20  _XintfRegs                      
1     00000c00  _CpuTimer0Regs                  
1     00000c08  _CpuTimer1Regs                  
1     00000c10  _CpuTimer2Regs                  
1     00000ce0  _PieCtrlRegs                    
1     00000d00  _PieVectTable                   
1     00001000  _DmaRegs                        
1     00005000  _McbspaRegs                     
1     00005040  _McbspbRegs                     
1     00006000  _ECanaRegs                      
1     00006040  _ECanaLAMRegs                   
1     00006080  _ECanaMOTSRegs                  
1     000060c0  _ECanaMOTORegs                  
1     00006100  _ECanaMboxes                    
1     00006200  _ECanbRegs                      
1     00006240  _ECanbLAMRegs                   
1     00006280  _ECanbMOTSRegs                  
1     000062c0  _ECanbMOTORegs                  
1     00006300  _ECanbMboxes                    
1     00006800  _EPwm1Regs                      
1     00006840  _EPwm2Regs                      
1     00006880  _EPwm3Regs                      
1     000068c0  _EPwm4Regs                      
1     00006900  _EPwm5Regs                      
1     00006940  _EPwm6Regs                      
1     00006a00  _ECap1Regs                      
1     00006a20  _ECap2Regs                      
1     00006a40  _ECap3Regs                      
1     00006a60  _ECap4Regs                      
1     00006a80  _ECap5Regs                      
1     00006aa0  _ECap6Regs                      
1     00006b00  _EQep1Regs                      
1     00006b40  _EQep2Regs                      
1     00006f80  _GpioCtrlRegs                   
1     00006fc0  _GpioDataRegs                   
1     00006fe0  _GpioIntRegs                    
1     00007010  _SysCtrlRegs                    
1     00007040  _SpiaRegs                       
1     00007050  _SciaRegs                       
1     00007070  _XIntruptRegs                   
1     00007100  _AdcRegs                        
1     00007750  _ScibRegs                       
1     00007770  _ScicRegs                       
1     00007900  _I2caRegs                       
1     0000c000  _test_motor_control             
1     0000c001  _test_Control_Flag              
1     0000c002  _T_Angular_Temp                 
1     0000c003  _T_Angle_Temp                   
1     0000c004  _Fan_Angle_PID_test             
1     0000c005  _Fan_Control_test               
1     0000c006  _test_main                      
1     0000c007  _R_Angle_Temp                   
1     0000c008  _Angular_Temp                   
1     0000c009  _Scia_TxDataSave_Flag           
1     0000c00a  _Scia_RxRemainder               
1     0000c00b  _Scia_SensorDataReady_Flag      
1     0000c00c  _Scia_TxReady_Flag              
1     0000c00d  _Scib_SensorDataReady_Flag      
1     0000c00e  _Angle_Temp                     
1     0000c00f  _Scia_RxMode                    
1     0000c010  _Scib_RxRemainder               
1     0000c011  _b                              
1     0000c012  _d                              
1     0000c013  _c                              
1     0000c014  _a                              
1     0000c015  _addr_a                         
1     0000c016  _number_of_item                 
1     0000c017  _ff                             
1     0000c018  _i                              
1     0000c019  _Data_Reset                     
1     0000c01a  _test_cpu                       
1     0000c01b  _test_isrset                    
1     0000c01c  _test_interrupt_scia            
1     0000c01d  _test_interrupt_cpu             
1     0000c01e  _result                         
1     0000c01f  _n                              
1     0000c020  _test_for                       
1     0000c021  _sbuf_cnt                       
1     0000c022  _Duty1A                         
1     0000c023  _R2                             
1     0000c024  _Test1                          
1     0000c025  _L1                             
1     0000c026  _L2                             
1     0000c027  _Duty1B                         
1     0000c028  _Fan_R_Value                    
1     0000c029  _Tilt_Go_L                      
1     0000c02a  _R1                             
1     0000c02b  _Test2                          
1     0000c02c  _R3                             
1     0000c02d  _Fan_Test1                      
1     0000c02e  _Tilt_Go_R                      
1     0000c02f  _Cnt_500us                      
1     0000c030  _flag                           
1     0000c031  _Sample_10ms_Flag               
1     0000c032  _Scib_RxMode                    
1     0000c033  _Blue_Turn_flag                 
1     0000c034  _Cnt_Tx                         
1     0000c035  _Fan_L_Value                    
1     0000c036  _L3                             
1     0000c037  _as                             
1     0000c038  _Iup                            
1     0000c03a  _Fan_Angle_desired              
1     0000c03c  _Idown                          
1     0000c03e  _Fan_Angle_dt                   
1     0000c040  _Fan_AngleControl               
1     0000c042  _Fan_AngleErr                   
1     0000c044  _Fan_AngleErrSum                
1     0000c046  _Roll                           
1     0000c048  _Pitch                          
1     0000c04a  _Ddown                          
1     0000c04c  _Dup                            
1     0000c04e  _Tilting_Change_Mode2           
1     0000c050  _Tilting_Change_Mode3           
1     0000c052  _Tilting_Change_Mode5           
1     0000c054  _Tilting_Change_Mode4           
1     0000c056  _T_pre_AngleErr                 
1     0000c058  _T_Angle_dt                     
1     0000c05a  _Tilting_Change_Mode1           
1     0000c05c  _T_AngleControl                 
1     0000c05e  _Tilting_Ducted_Fan3            
1     0000c060  _Pup                            
1     0000c062  _Tilting_Ducted_Fan             
1     0000c064  _Tilting_Ducted_Fan2            
1     0000c066  _Tilting_Toal_Value_L           
1     0000c068  _Tilting_Change_Mode6           
1     0000c06a  _Pdown                          
1     0000c06c  _Fan_Control_temp_R             
1     0000c06e  _Fan_Control_temp_L             
1     0000c070  _Fan_AKd                        
1     0000c072  _Fan_AKp                        
1     0000c074  _Fan_Pre_AngleErr               
1     0000c076  _Yaw                            
1     0000c078  _Total_Fan_Control_R            
1     0000c07a  _Total_Fan_Control_L            
1     0000c07c  _T_AngleErr                     
1     0000c07e  _T_Angle_desired                
1     0000c080  _Tilting_Toal_Value_R           
1     0000c082  _T_AngleErrSum                  
1     0000c084  _Fan_Max_Value                  
1     0000c086  _Fan_AKi                        
1     0000c088  _T_Angular                      
1     0000c08a  _T_Angle                        
1     0000c08c  _Angular                        
1     0000c08e  _Angle                          
1     0000c090  _AngleErr                       
1     0000c092  _Angle_desired                  
1     0000c094  _AngleErrSum                    
1     0000c096  _R                              
1     0000c098  _L                              
1     0000c09a  _Duty_h                         
1     0000c09c  _Duty                           
1     0000c09e  _P_Err_dt                       
1     0000c0a0  _P_Err_Sum                      
1     0000c0a2  _P_Control                      
1     0000c0a4  _pre_P_Err                      
1     0000c0a6  _P_desired                      
1     0000c0a8  _Angle_dt                       
1     0000c0aa  _adcloop                        
1     0000c0ac  _AngleControl                   
1     0000c0ae  _pre_AngleErr                   
1     0000c0b0  _P_Err                          
1     0000c0b2  _PKp                            
1     0000c0b4  _T_AKi                          
1     0000c0b6  _PKi                            
1     0000c0b8  _PKd                            
1     0000c0ba  _SKp                            
1     0000c0bc  _AKd                            
1     0000c0be  _AKp                            
1     0000c0c0  _T_AKp                          
1     0000c0c2  _AKi                            
1     0000c0c4  _Duct_Fan_Dec_flag              
1     0000c0c6  _Duct_Fan_Acc_flag              
1     0000c0c8  _Fan_R_Cali                     
1     0000c0ca  _Duct_Fan_Acc                   
1     0000c0cc  _Fan_L_Cali                     
1     0000c0ce  _SKi                            
1     0000c0d0  _T_AKd                          
1     0000c0d2  _HKd                            
1     0000c0d4  _HKp                            
1     0000c0d6  _HKi                            
1     0000c0d8  _R_position                     
1     0000c0da  _L_position                     
1     0000c0dc  _P_Err_dt_x1                    
1     0000c0de  _P_Err_dt_filter                
1     0000c0e0  _R_Angle                        
1     0000c0e2  _Total_Control_R                
1     0000c0e4  _count1_EQep2                   
1     0000c0e6  _count1_EQep1                   
1     0000c0e8  _H_Err_dt_x1                    
1     0000c0ea  _H_Err_dt_filter                
1     0000c0ec  _addr                           
1     0000c0ee  _H_Err_dt_y1                    
1     0000c0f0  _Speed_filter                   
1     0000c0f2  _P_Err_dt_y1                    
1     0000c0f4  _Speed_y1                       
1     0000c0f6  _Speed_x1                       
1     0000c0f8  _Pre_Position                   
1     0000c0fa  _S_desired                      
1     0000c0fc  _H_Err_Sum                      
1     0000c0fe  _H_Err                          
1     0000c100  _S_Err                          
1     0000c102  _Speed                          
1     0000c104  _S_Control                      
1     0000c106  _S_Err_Sum                      
1     0000c108  _Motor_Control_temp_L           
1     0000c10a  _Heading_Angle                  
1     0000c10c  _Total_Control_L                
1     0000c10e  _Motor_Control_temp_R           
1     0000c110  _pre_H_Err                      
1     0000c112  _H_Err_dt                       
1     0000c114  _H_desired                      
1     0000c116  _H_Control                      
1     0000c118  _Sensor_Data                    
1     0000c11e  _item                           
1     0000c124  _Scia_SensorData                
1     0000c130  _Scia_TxBuff                    
1     0000c140  _Buff                           
1     0000c180  _sbuf                           
1     0000c1c0  _CpuTimer1                      
1     0000c1c8  _CpuTimer2                      
1     0000c1d0  _CpuTimer0                      
1     0000c1d8  ___TI_enable_exit_profile_output
1     0000c1da  ___TI_cleanup_ptr               
1     0000c1dc  ___TI_dtors_ptr                 
1     0000c1de  __lock                          
1     0000c1e0  __unlock                        
1     0000c1e4  _errno                          
1     0000d000  __ctypes_                       
1     0000d102  _PieVectTableInit               
1     0033fff8  _CsmPwl                         
1     00380090  _PartIdRegs                     
abs   00000300  __STACK_SIZE                    
abs   ffffffff  ___TI_pprof_out_hndl            
abs   ffffffff  ___TI_prof_data_size            
abs   ffffffff  ___TI_prof_data_start           
abs   ffffffff  ___binit__                      
abs   ffffffff  ___c_args__                     
abs   ffffffff  ___pinit__                      
abs   ffffffff  binit                           
abs   ffffffff  pinit                           
n/a   UNDEFED   _ScibRxFifoIsr                  

[399 symbols]
